// Jest Snapshot v1, https://goo.gl/fbAQLP

exports[`LocationSearchScreen should generate snapshot 1`] = `
<View
  style={
    {
      "alignItems": "center",
      "flexDirection": "row",
      "gap": 8,
    }
  }
>
  <Image
    source="img_source"
    style={
      {
        "height": 20,
        "resizeMode": "contain",
        "width": 20,
      }
    }
  />
  <Text
    style={
      [
        {
          "textAlign": "left",
        },
        {
          "color": "rgba(28, 27, 31, 1)",
          "fontFamily": "System",
          "fontWeight": "400",
          "letterSpacing": 0,
        },
        {
          "writingDirection": "ltr",
        },
        undefined,
      ]
    }
  >
    abc123!@#
  </Text>
</View>
`;
